purchases.csv
ID;BRAND;TYPE;DATE;QUANTITY;PRICE PER 1
50000000;HP;PC;1.01.2000;3;4597
50000007;HP;PC;1.03.2000;2;4836
50000013;HP;PC;30.04.2000;1;4609
50000019;HP;PC;29.06.2000;2;4003
50000025;HP;PC;28.08.2000;4;5220
50000032;HP;PC;27.10.2000;1;4908
50000038;HP;PC;26.12.2000;3;5376
50000045;HP;PC;24.02.2001;4;5864
50000051;HP;PC;25.04.2001;1;5046
50000059;HP;PC;24.06.2001;5;5669
50000066;HP;PC;23.08.2001;1;4390
50000073;HP;PC;22.10.2001;5;5933
50000080;HP;PC;21.12.2001;4;5762
50000087;HP;PC;19.02.2002;2;5434
50000093;HP;PC;20.04.2002;5;5639
50000100;HP;PC;19.06.2002;4;5546
50000108;HP;PC;18.08.2002;3;5642
50000115;HP;PC;17.10.2002;2;4104
50000122;HP;PC;16.12.2002;4;5321
50000130;HP;PC;14.02.2003;4;5423
50000138;HP;PC;15.04.2003;4;4581
50000148;HP;PC;14.06.2003;2;5932
50000157;HP;PC;13.08.2003;5;4253
50000164;HP;PC;12.10.2003;1;5876
50000173;HP;PC;11.12.2003;4;5698
50000183;HP;PC;9.02.2004;2;5514
50000192;HP;PC;9.04.2004;1;5613
50000199;HP;PC;8.06.2004;4;4092
50000209;HP;PC;7.08.2004;5;5241
50000217;HP;PC;6.10.2004;1;5536
50000227;HP;PC;5.12.2004;5;4901
50000236;HP;PC;3.02.2005;2;4589
50000244;HP;PC;4.04.2005;2;5088
50000253;HP;PC;3.06.2005;2;4546
50000261;HP;PC;2.08.2005;2;4046
50000269;HP;PC;1.10.2005;3;4918
50000279;HP;PC;30.11.2005;3;5710
50000288;HP;PC;29.01.2006;3;5128
50000296;HP;PC;30.03.2006;1;4895
50000304;HP;PC;29.05.2006;4;5102
50000314;HP;PC;28.07.2006;4;4827
50000322;HP;PC;26.09.2006;3;5188
50000331;HP;PC;25.11.2006;5;5395
50000339;HP;PC;24.01.2007;2;5932
50000347;HP;PC;25.03.2007;1;5139
50000357;HP;PC;24.05.2007;5;5182
50000367;HP;PC;23.07.2007;1;5277
50000374;HP;PC;21.09.2007;2;4039
50000382;HP;PC;20.11.2007;3;5857
50000391;HP;PC;19.01.2008;3;4892
50000400;HP;PC;19.03.2008;3;4969
50000409;HP;PC;18.05.2008;3;5800
50000418;HP;PC;17.07.2008;1;4580
50000426;HP;PC;15.09.2008;4;5840
50000435;HP;PC;14.11.2008;3;4412
50000443;HP;PC;13.01.2009;3;5364
50000453;HP;PC;14.03.2009;5;5530
50000462;HP;PC;13.05.2009;2;4580
50000471;HP;PC;12.07.2009;1;4572
50000478;HP;PC;10.09.2009;3;4028
50000488;HP;PC;9.11.2009;1;4810
50000498;HP;PC;8.01.2010;5;5433
50000506;HP;PC;9.03.2010;4;5211
50000515;HP;PC;8.05.2010;3;4498
50000524;HP;PC;7.07.2010;4;4190
50000534;HP;PC;5.09.2010;2;5284
50000544;HP;PC;4.11.2010;4;4500
50000553;HP;PC;3.01.2011;3;5598
50000561;HP;PC;4.03.2011;2;5186
50000571;HP;PC;3.05.2011;2;5297
50000581;HP;PC;2.07.2011;5;4231
50000590;HP;PC;31.08.2011;3;4299
50000599;HP;PC;30.10.2011;4;5285
50000609;HP;PC;29.12.2011;5;5302
50000617;HP;PC;27.02.2012;5;4521
50000627;HP;PC;27.04.2012;1;4439
50000637;HP;PC;26.06.2012;2;5541
50000646;HP;PC;25.08.2012;3;4408
50000655;HP;PC;24.10.2012;3;5325
50000664;HP;PC;23.12.2012;1;5538
50000673;HP;PC;21.02.2013;2;4579
50000685;HP;PC;22.04.2013;2;5121
50000694;HP;PC;21.06.2013;5;4142
50000703;HP;PC;20.08.2013;4;4863
50000712;HP;PC;19.10.2013;5;5763
50000724;HP;PC;18.12.2013;5;5284
50000733;HP;PC;16.02.2014;1;4159
50000743;HP;PC;17.04.2014;3;4257
50000753;HP;PC;16.06.2014;2;4996
50000763;HP;PC;15.08.2014;3;5825
50000773;HP;PC;14.10.2014;2;4037
50000784;HP;PC;13.12.2014;1;4826
50000792;HP;PC;11.02.2015;1;5441
50000803;HP;PC;12.04.2015;2;4471
50000812;HP;PC;11.06.2015;1;5895
50000822;HP;PC;10.08.2015;3;5076
50000832;HP;PC;9.10.2015;3;5031
50000843;HP;PC;8.12.2015;4;4977
50000851;HP;PC;6.02.2016;1;5585
50000861;HP;PC;6.04.2016;5;4489
50000871;HP;PC;5.06.2016;5;4974
50000882;HP;PC;4.08.2016;2;5181
50000891;HP;PC;3.10.2016;2;4097
50000901;HP;PC;2.12.2016;1;5724
50000910;HP;PC;31.01.2017;1;5099
50000922;HP;PC;1.04.2017;2;4775
50000932;HP;PC;31.05.2017;4;5793
50000941;HP;PC;30.07.2017;5;4712
50000950;HP;PC;28.09.2017;5;4981
50000961;HP;PC;27.11.2017;5;4988
50000970;HP;PC;26.01.2018;1;5286
50000981;HP;PC;27.03.2018;1;4498
50000990;HP;PC;26.05.2018;3;5509
50001000;HP;PC;25.07.2018;1;4143
50001010;HP;PC;23.09.2018;3;4511
50001021;HP;PC;22.11.2018;5;5407
50001030;HP;PC;21.01.2019;5;4249
50001041;HP;PC;22.03.2019;1;4981
50001050;HP;PC;21.05.2019;2;4039
50001059;HP;PC;20.07.2019;2;5904
50000001;ACER;PC;1.01.2000;9;1500
50000005;ACER;PC;10.02.2000;6;1525
50000008;ACER;PC;21.03.2000;6;1553
50000014;ACER;PC;30.04.2000;6;1555
50000018;ACER;PC;9.06.2000;9;1604
50000021;ACER;PC;19.07.2000;10;1684
50000026;ACER;PC;28.08.2000;7;1765
50000030;ACER;PC;7.10.2000;7;1753
50000034;ACER;PC;16.11.2000;5;1801
50000039;ACER;PC;26.12.2000;6;1816
50000042;ACER;PC;4.02.2001;8;1887
50000048;ACER;PC;16.03.2001;6;1897
50000052;ACER;PC;25.04.2001;8;1914
50000058;ACER;PC;4.06.2001;10;2010
50000061;ACER;PC;14.07.2001;8;2099
50000067;ACER;PC;23.08.2001;10;2101
50000070;ACER;PC;2.10.2001;5;2116
50000076;ACER;PC;11.11.2001;5;2129
50000081;ACER;PC;21.12.2001;5;2122
50000085;ACER;PC;30.01.2002;7;2123
50000089;ACER;PC;11.03.2002;5;2208
50000094;ACER;PC;20.04.2002;5;2296
50000099;ACER;PC;30.05.2002;6;2287
50000103;ACER;PC;9.07.2002;8;2371
50000109;ACER;PC;18.08.2002;8;2441
50000113;ACER;PC;27.09.2002;9;2488
50000117;ACER;PC;6.11.2002;5;2520
50000123;ACER;PC;16.12.2002;8;2603
50000127;ACER;PC;25.01.2003;8;2583
50000135;ACER;PC;6.03.2003;9;2662
50000139;ACER;PC;15.04.2003;8;2689
50000145;ACER;PC;25.05.2003;8;2781
50000151;ACER;PC;4.07.2003;5;2825
50000158;ACER;PC;13.08.2003;7;2878
50000163;ACER;PC;22.09.2003;7;2864
50000169;ACER;PC;1.11.2003;10;2947
50000174;ACER;PC;11.12.2003;9;2941
50000179;ACER;PC;20.01.2004;9;2993
50000186;ACER;PC;29.02.2004;7;3051
50000193;ACER;PC;9.04.2004;10;3099
50000197;ACER;PC;19.05.2004;9;3154
50000204;ACER;PC;28.06.2004;5;3187
50000210;ACER;PC;7.08.2004;6;3192
50000216;ACER;PC;16.09.2004;9;3221
50000222;ACER;PC;26.10.2004;8;3248
50000228;ACER;PC;5.12.2004;9;3282
50000232;ACER;PC;14.01.2005;6;3352
50000239;ACER;PC;23.02.2005;8;3427
50000245;ACER;PC;4.04.2005;7;3488
50000251;ACER;PC;14.05.2005;10;3549
50000256;ACER;PC;23.06.2005;8;3592
50000262;ACER;PC;2.08.2005;5;3689
50000267;ACER;PC;11.09.2005;10;3727
50000275;ACER;PC;21.10.2005;9;3825
50000280;ACER;PC;30.11.2005;5;3821
50000285;ACER;PC;9.01.2006;10;3864
50000290;ACER;PC;18.02.2006;10;3946
50000297;ACER;PC;30.03.2006;9;4008
50000302;ACER;PC;9.05.2006;7;4091
50000309;ACER;PC;18.06.2006;8;4168
50000315;ACER;PC;28.07.2006;9;4239
50000319;ACER;PC;6.09.2006;8;4270
50000326;ACER;PC;16.10.2006;10;4284
50000332;ACER;PC;25.11.2006;9;4322
50000337;ACER;PC;4.01.2007;7;4406
50000343;ACER;PC;13.02.2007;10;4501
50000348;ACER;PC;25.03.2007;6;4567
50000355;ACER;PC;4.05.2007;5;4572
50000360;ACER;PC;13.06.2007;8;4561
50000368;ACER;PC;23.07.2007;6;4635
50000371;ACER;PC;1.09.2007;7;4699
50000378;ACER;PC;11.10.2007;9;4683
50000383;ACER;PC;20.11.2007;7;4676
50000389;ACER;PC;30.12.2007;7;4716
50000396;ACER;PC;8.02.2008;5;4759
50000401;ACER;PC;19.03.2008;8;4761
50000406;ACER;PC;28.04.2008;6;4770
50000412;ACER;PC;7.06.2008;9;4843
50000419;ACER;PC;17.07.2008;5;4850
50000424;ACER;PC;26.08.2008;8;4881
50000430;ACER;PC;5.10.2008;7;4942
50000436;ACER;PC;14.11.2008;9;5025
50000440;ACER;PC;24.12.2008;6;5097
50000449;ACER;PC;2.02.2009;10;5193
50000454;ACER;PC;14.03.2009;5;5283
50000460;ACER;PC;23.04.2009;7;5348
50000464;ACER;PC;2.06.2009;10;5424
50000472;ACER;PC;12.07.2009;6;5465
50000477;ACER;PC;21.08.2009;7;5460
50000484;ACER;PC;30.09.2009;10;5442
50000489;ACER;PC;9.11.2009;5;5479
50000493;ACER;PC;19.12.2009;5;5476
50000500;ACER;PC;28.01.2010;8;5492
50000507;ACER;PC;9.03.2010;6;5496
50000513;ACER;PC;18.04.2010;2;5505
50000519;ACER;PC;28.05.2010;3;5514
50000525;ACER;PC;7.07.2010;1;5515
50000531;ACER;PC;16.08.2010;1;5684
50000538;ACER;PC;25.09.2010;1;5693
50000545;ACER;PC;4.11.2010;1;5709
50000549;ACER;PC;14.12.2010;3;5745
50000556;ACER;PC;23.01.2011;2;5761
50000562;ACER;PC;4.03.2011;3;5842
50000569;ACER;PC;13.04.2011;2;5867
50000575;ACER;PC;23.05.2011;1;5931
50000582;ACER;PC;2.07.2011;2;6187
50000586;ACER;PC;11.08.2011;3;6511
50000594;ACER;PC;20.09.2011;1;6536
50000600;ACER;PC;30.10.2011;1;6585
50000606;ACER;PC;9.12.2011;1;6781
50000612;ACER;PC;18.01.2012;3;7006
50000618;ACER;PC;27.02.2012;3;7087
50000624;ACER;PC;7.04.2012;2;7096
50000631;ACER;PC;17.05.2012;3;7160
50000638;ACER;PC;26.06.2012;1;7224
50000643;ACER;PC;5.08.2012;2;7393
50000649;ACER;PC;14.09.2012;2;7717
50000656;ACER;PC;24.10.2012;2;8078
50000661;ACER;PC;3.12.2012;3;8334
50000669;ACER;PC;12.01.2013;2;8335
50000674;ACER;PC;21.02.2013;2;8351
50000681;ACER;PC;2.04.2013;2;8472
50000687;ACER;PC;12.05.2013;2;8488
50000695;ACER;PC;21.06.2013;1;8497
50000701;ACER;PC;31.07.2013;2;8618
50000708;ACER;PC;9.09.2013;1;8619
50000713;ACER;PC;19.10.2013;3;8719
50000720;ACER;PC;28.11.2013;2;8723
50000727;ACER;PC;7.01.2014;2;8948
50000734;ACER;PC;16.02.2014;2;9204
50000740;ACER;PC;28.03.2014;2;9325
50000747;ACER;PC;7.05.2014;1;9521
50000754;ACER;PC;16.06.2014;1;9570
50000761;ACER;PC;26.07.2014;2;9795
50000768;ACER;PC;4.09.2014;1;10020
50000774;ACER;PC;14.10.2014;1;10120
50000779;ACER;PC;23.11.2014;2;10201
50000787;ACER;PC;2.01.2015;2;10397
50000793;ACER;PC;11.02.2015;3;10593
50000801;ACER;PC;23.03.2015;1;10789
50000806;ACER;PC;2.05.2015;2;10805
50000813;ACER;PC;11.06.2015;3;10806
50000819;ACER;PC;21.07.2015;1;10822
50000827;ACER;PC;30.08.2015;3;11078
50000833;ACER;PC;9.10.2015;3;11094
50000839;ACER;PC;18.11.2015;2;11350
50000845;ACER;PC;28.12.2015;3;11471
50000852;ACER;PC;6.02.2016;3;11832
50000859;ACER;PC;17.03.2016;2;11896
50000866;ACER;PC;26.04.2016;2;12185
50000872;ACER;PC;5.06.2016;1;12381
50000878;ACER;PC;15.07.2016;3;12550
50000885;ACER;PC;24.08.2016;2;12566
50000892;ACER;PC;3.10.2016;1;12822
50000898;ACER;PC;12.11.2016;2;12838
50000906;ACER;PC;22.12.2016;2;12874
50000911;ACER;PC;31.01.2017;2;12910
50000919;ACER;PC;12.03.2017;1;12991
50000925;ACER;PC;21.04.2017;3;13027
50000933;ACER;PC;31.05.2017;2;13283
50000938;ACER;PC;10.07.2017;3;13607
50000945;ACER;PC;19.08.2017;1;13616
50000951;ACER;PC;28.09.2017;2;13641
50000958;ACER;PC;7.11.2017;1;13810
50000965;ACER;PC;17.12.2017;3;13826
50000971;ACER;PC;26.01.2018;1;14150
50000977;ACER;PC;7.03.2018;2;14199
50000984;ACER;PC;16.04.2018;2;14299
50000991;ACER;PC;26.05.2018;3;14348
50000998;ACER;PC;5.07.2018;3;14709
50001004;ACER;PC;14.08.2018;3;15033
50001011;ACER;PC;23.09.2018;3;15058
50001017;ACER;PC;2.11.2018;3;15067
50001025;ACER;PC;12.12.2018;3;15068
50001031;ACER;PC;21.01.2019;2;15077
50001038;ACER;PC;2.03.2019;1;15081
50001043;ACER;PC;11.04.2019;3;15145
50001051;ACER;PC;21.05.2019;1;15289
50001057;ACER;PC;30.06.2019;2;15314
50001064;ACER;PC;9.08.2019;3;15539
50001068;ACER;PC;18.09.2019;2;15660
50001073;ACER;PC;28.10.2019;2;16021
50001078;ACER;PC;7.12.2019;1;16165
50000002;APPLE;LAPTOP;4.01.2000;3;4000
50000006;APPLE;LAPTOP;23.02.2000;2;3992
50000011;APPLE;LAPTOP;13.04.2000;3;3985
50000015;APPLE;LAPTOP;2.06.2000;3;4002
50000022;APPLE;LAPTOP;22.07.2000;4;4012
50000027;APPLE;LAPTOP;10.09.2000;4;4010
50000033;APPLE;LAPTOP;30.10.2000;3;4013
50000036;APPLE;LAPTOP;19.12.2000;4;4011
50000043;APPLE;LAPTOP;7.02.2001;3;4011
50000049;APPLE;LAPTOP;29.03.2001;4;4021
50000054;APPLE;LAPTOP;18.05.2001;3;4031
50000060;APPLE;LAPTOP;7.07.2001;2;4037
50000068;APPLE;LAPTOP;26.08.2001;4;4049
50000072;APPLE;LAPTOP;15.10.2001;3;4066
50000078;APPLE;LAPTOP;4.12.2001;4;4077
50000082;APPLE;LAPTOP;23.01.2002;2;4082
50000090;APPLE;LAPTOP;14.03.2002;3;4094
50000095;APPLE;LAPTOP;3.05.2002;4;4095
50000101;APPLE;LAPTOP;22.06.2002;4;4103
50000107;APPLE;LAPTOP;11.08.2002;2;4101
50000114;APPLE;LAPTOP;30.09.2002;2;4120
50000118;APPLE;LAPTOP;19.11.2002;2;4126
50000125;APPLE;LAPTOP;8.01.2003;3;4129
50000132;APPLE;LAPTOP;27.02.2003;3;4119
50000140;APPLE;LAPTOP;18.04.2003;4;4118
50000147;APPLE;LAPTOP;7.06.2003;4;4123
50000154;APPLE;LAPTOP;27.07.2003;4;4119
50000161;APPLE;LAPTOP;15.09.2003;3;4133
50000170;APPLE;LAPTOP;4.11.2003;3;4141
50000176;APPLE;LAPTOP;24.12.2003;2;4161
50000184;APPLE;LAPTOP;12.02.2004;2;4175
50000189;APPLE;LAPTOP;2.04.2004;4;4183
50000198;APPLE;LAPTOP;22.05.2004;4;4182
50000206;APPLE;LAPTOP;11.07.2004;2;4177
50000213;APPLE;LAPTOP;30.08.2004;3;4194
50000219;APPLE;LAPTOP;19.10.2004;4;4209
50000229;APPLE;LAPTOP;8.12.2004;4;4200
50000235;APPLE;LAPTOP;27.01.2005;3;4217
50000242;APPLE;LAPTOP;18.03.2005;2;4227
50000248;APPLE;LAPTOP;7.05.2005;3;4238
50000257;APPLE;LAPTOP;26.06.2005;2;4251
50000265;APPLE;LAPTOP;15.08.2005;2;4244
50000270;APPLE;LAPTOP;4.10.2005;3;4251
50000278;APPLE;LAPTOP;23.11.2005;3;4251
50000286;APPLE;LAPTOP;12.01.2006;4;4248
50000292;APPLE;LAPTOP;3.03.2006;3;4266
50000300;APPLE;LAPTOP;22.04.2006;3;4261
50000306;APPLE;LAPTOP;11.06.2006;3;4259
50000316;APPLE;LAPTOP;31.07.2006;2;4268
50000321;APPLE;LAPTOP;19.09.2006;3;4279
50000329;APPLE;LAPTOP;8.11.2006;2;4269
50000335;APPLE;LAPTOP;28.12.2006;4;4286
50000344;APPLE;LAPTOP;16.02.2007;4;4279
50000350;APPLE;LAPTOP;7.04.2007;3;4275
50000358;APPLE;LAPTOP;27.05.2007;3;4287
50000365;APPLE;LAPTOP;16.07.2007;4;4282
50000372;APPLE;LAPTOP;4.09.2007;3;4300
50000380;APPLE;LAPTOP;24.10.2007;2;4306
50000386;APPLE;LAPTOP;13.12.2007;4;4315
50000393;APPLE;LAPTOP;1.02.2008;3;4327
50000402;APPLE;LAPTOP;22.03.2008;2;4324
50000408;APPLE;LAPTOP;11.05.2008;3;4327
50000416;APPLE;LAPTOP;30.06.2008;3;4346
50000421;APPLE;LAPTOP;19.08.2008;4;4355
50000431;APPLE;LAPTOP;8.10.2008;4;4365
50000438;APPLE;LAPTOP;27.11.2008;2;4357
50000444;APPLE;LAPTOP;16.01.2009;4;4373
50000452;APPLE;LAPTOP;7.03.2009;3;4388
50000461;APPLE;LAPTOP;26.04.2009;3;4382
50000467;APPLE;LAPTOP;15.06.2009;2;4394
50000474;APPLE;LAPTOP;4.08.2009;2;4410
50000480;APPLE;LAPTOP;23.09.2009;3;4405
50000490;APPLE;LAPTOP;12.11.2009;3;4411
50000496;APPLE;LAPTOP;1.01.2010;4;4417
50000504;APPLE;LAPTOP;20.02.2010;2;4426
50000511;APPLE;LAPTOP;11.04.2010;3;4430
50000520;APPLE;LAPTOP;31.05.2010;3;4436
50000527;APPLE;LAPTOP;20.07.2010;3;4449
50000535;APPLE;LAPTOP;8.09.2010;4;4467
50000542;APPLE;LAPTOP;28.10.2010;4;4475
50000550;APPLE;LAPTOP;17.12.2010;4;4467
50000558;APPLE;LAPTOP;5.02.2011;2;4461
50000566;APPLE;LAPTOP;27.03.2011;4;4464
50000573;APPLE;LAPTOP;16.05.2011;3;4472
50000583;APPLE;LAPTOP;5.07.2011;2;4491
50000588;APPLE;LAPTOP;24.08.2011;3;4509
50000598;APPLE;LAPTOP;13.10.2011;3;4515
50000603;APPLE;LAPTOP;2.12.2011;3;4532
50000613;APPLE;LAPTOP;21.01.2012;3;4549
50000620;APPLE;LAPTOP;11.03.2012;3;4545
50000628;APPLE;LAPTOP;30.04.2012;2;4540
50000636;APPLE;LAPTOP;19.06.2012;2;4535
50000644;APPLE;LAPTOP;8.08.2012;4;4555
50000651;APPLE;LAPTOP;27.09.2012;4;4553
50000659;APPLE;LAPTOP;16.11.2012;3;4565
50000666;APPLE;LAPTOP;5.01.2013;2;4566
50000675;APPLE;LAPTOP;24.02.2013;3;4584
50000683;APPLE;LAPTOP;15.04.2013;2;4599
50000691;APPLE;LAPTOP;4.06.2013;2;4612
50000699;APPLE;LAPTOP;24.07.2013;4;4621
50000709;APPLE;LAPTOP;12.09.2013;4;4612
50000715;APPLE;LAPTOP;1.11.2013;2;4623
50000725;APPLE;LAPTOP;21.12.2013;4;4636
50000731;APPLE;LAPTOP;9.02.2014;3;4634
50000741;APPLE;LAPTOP;31.03.2014;2;4625
50000749;APPLE;LAPTOP;20.05.2014;4;4630
50000758;APPLE;LAPTOP;9.07.2014;2;4629
50000765;APPLE;LAPTOP;28.08.2014;3;4649
50000775;APPLE;LAPTOP;17.10.2014;3;4664
50000782;APPLE;LAPTOP;6.12.2014;4;4684
50000791;APPLE;LAPTOP;25.01.2015;3;4684
50000798;APPLE;LAPTOP;16.03.2015;3;4694
50000807;APPLE;LAPTOP;5.05.2015;3;4710
50000815;APPLE;LAPTOP;24.06.2015;2;4709
50000823;APPLE;LAPTOP;13.08.2015;3;4701
50000831;APPLE;LAPTOP;2.10.2015;4;4698
50000840;APPLE;LAPTOP;21.11.2015;3;4714
50000847;APPLE;LAPTOP;10.01.2016;2;4727
50000857;APPLE;LAPTOP;29.02.2016;3;4738
50000863;APPLE;LAPTOP;19.04.2016;3;4754
50000873;APPLE;LAPTOP;8.06.2016;3;4768
50000880;APPLE;LAPTOP;28.07.2016;3;4768
50000889;APPLE;LAPTOP;16.09.2016;4;4784
50000896;APPLE;LAPTOP;5.11.2016;2;4786
50000907;APPLE;LAPTOP;25.12.2016;2;4783
50000913;APPLE;LAPTOP;13.02.2017;4;4797
50000923;APPLE;LAPTOP;4.04.2017;4;4808
50000930;APPLE;LAPTOP;24.05.2017;4;4816
50000939;APPLE;LAPTOP;13.07.2017;3;4835
50000947;APPLE;LAPTOP;1.09.2017;4;4826
50000955;APPLE;LAPTOP;21.10.2017;2;4817
50000963;APPLE;LAPTOP;10.12.2017;4;4832
50000972;APPLE;LAPTOP;29.01.2018;4;4829
50000979;APPLE;LAPTOP;20.03.2018;3;4820
50000988;APPLE;LAPTOP;9.05.2018;4;4824
50000995;APPLE;LAPTOP;28.06.2018;4;4833
50001005;APPLE;LAPTOP;17.08.2018;3;4826
50001013;APPLE;LAPTOP;6.10.2018;2;4820
50001022;APPLE;LAPTOP;25.11.2018;4;4811
50001029;APPLE;LAPTOP;14.01.2019;2;4819
50001039;APPLE;LAPTOP;5.03.2019;2;4810
50001045;APPLE;LAPTOP;24.04.2019;3;4821
50001055;APPLE;LAPTOP;13.06.2019;2;4836
50001061;APPLE;LAPTOP;2.08.2019;3;4847
50001069;APPLE;LAPTOP;21.09.2019;3;4855
50001075;APPLE;LAPTOP;10.11.2019;3;4872
