purchases.csv
ID;BRAND;TYPE;DATE;QUANTITY;PRICE PER 1
50000003;HP;LAPTOP;15.01.2000;1;1000
50000009;HP;LAPTOP;25.03.2000;1;995
50000016;HP;LAPTOP;3.06.2000;3;972
50000024;HP;LAPTOP;12.08.2000;2;954
50000031;HP;LAPTOP;21.10.2000;3;953
50000040;HP;LAPTOP;30.12.2000;3;937
50000046;HP;LAPTOP;10.03.2001;3;953
50000055;HP;LAPTOP;19.05.2001;4;958
50000062;HP;LAPTOP;28.07.2001;2;985
50000071;HP;LAPTOP;6.10.2001;3;1020
50000079;HP;LAPTOP;15.12.2001;2;1021
50000088;HP;LAPTOP;23.02.2002;3;1042
50000097;HP;LAPTOP;4.05.2002;4;1015
50000104;HP;LAPTOP;13.07.2002;2;1004
50000110;HP;LAPTOP;21.09.2002;3;1042
50000120;HP;LAPTOP;30.11.2002;4;1070
50000129;HP;LAPTOP;8.02.2003;1;1070
50000141;HP;LAPTOP;19.04.2003;1;1100
50000149;HP;LAPTOP;28.06.2003;2;1095
50000159;HP;LAPTOP;6.09.2003;1;1082
50000171;HP;LAPTOP;15.11.2003;3;1095
50000181;HP;LAPTOP;24.01.2004;1;1091
50000190;HP;LAPTOP;3.04.2004;1;1104
50000200;HP;LAPTOP;12.06.2004;3;1132
50000211;HP;LAPTOP;21.08.2004;1;1159
50000223;HP;LAPTOP;30.10.2004;3;1195
50000230;HP;LAPTOP;8.01.2005;1;1219
50000243;HP;LAPTOP;19.03.2005;1;1230
50000252;HP;LAPTOP;28.05.2005;1;1234
50000263;HP;LAPTOP;6.08.2005;3;1255
50000272;HP;LAPTOP;15.10.2005;2;1271
50000281;HP;LAPTOP;24.12.2005;4;1276
50000293;HP;LAPTOP;4.03.2006;1;1279
50000303;HP;LAPTOP;13.05.2006;3;1289
50000312;HP;LAPTOP;22.07.2006;2;1302
50000323;HP;LAPTOP;30.09.2006;4;1285
50000333;HP;LAPTOP;9.12.2006;4;1277
50000345;HP;LAPTOP;17.02.2007;3;1309
50000352;HP;LAPTOP;28.04.2007;1;1324
50000363;HP;LAPTOP;7.07.2007;4;1350
50000373;HP;LAPTOP;15.09.2007;4;1372
50000384;HP;LAPTOP;24.11.2007;4;1391
50000394;HP;LAPTOP;2.02.2008;1;1413
50000404;HP;LAPTOP;12.04.2008;3;1398
50000413;HP;LAPTOP;21.06.2008;1;1399
50000425;HP;LAPTOP;30.08.2008;4;1376
50000433;HP;LAPTOP;8.11.2008;1;1349
50000445;HP;LAPTOP;17.01.2009;2;1382
50000456;HP;LAPTOP;28.03.2009;1;1379
50000465;HP;LAPTOP;6.06.2009;2;1387
50000475;HP;LAPTOP;15.08.2009;2;1415
50000486;HP;LAPTOP;24.10.2009;2;1451
50000497;HP;LAPTOP;2.01.2010;10;1501
50000501;HP;LAPTOP;11.02.2010;9;1567
50000509;HP;LAPTOP;23.03.2010;9;1571
50000514;HP;LAPTOP;2.05.2010;10;1620
50000521;HP;LAPTOP;11.06.2010;6;1687
50000528;HP;LAPTOP;21.07.2010;8;1710
50000532;HP;LAPTOP;30.08.2010;6;1771
50000539;HP;LAPTOP;9.10.2010;7;1792
50000546;HP;LAPTOP;18.11.2010;5;1836
50000552;HP;LAPTOP;28.12.2010;5;1884
50000559;HP;LAPTOP;6.02.2011;8;1943
50000564;HP;LAPTOP;18.03.2011;9;1954
50000570;HP;LAPTOP;27.04.2011;9;2019
50000576;HP;LAPTOP;6.06.2011;9;2030
50000584;HP;LAPTOP;16.07.2011;8;2045
50000589;HP;LAPTOP;25.08.2011;7;2104
50000595;HP;LAPTOP;4.10.2011;9;2174
50000601;HP;LAPTOP;13.11.2011;8;2218
50000608;HP;LAPTOP;23.12.2011;10;2276
50000614;HP;LAPTOP;1.02.2012;7;2284
50000622;HP;LAPTOP;12.03.2012;7;2307
50000625;HP;LAPTOP;21.04.2012;5;2364
50000632;HP;LAPTOP;31.05.2012;6;2393
50000639;HP;LAPTOP;10.07.2012;6;2461
50000645;HP;LAPTOP;19.08.2012;7;2500
50000652;HP;LAPTOP;28.09.2012;10;2529
50000657;HP;LAPTOP;7.11.2012;7;2582
50000663;HP;LAPTOP;17.12.2012;5;2609
50000670;HP;LAPTOP;26.01.2013;9;2668
50000677;HP;LAPTOP;7.03.2013;9;2725
50000684;HP;LAPTOP;16.04.2013;5;2788
50000688;HP;LAPTOP;26.05.2013;5;2834
50000696;HP;LAPTOP;5.07.2013;7;2855
50000702;HP;LAPTOP;14.08.2013;10;2885
50000710;HP;LAPTOP;23.09.2013;5;2936
50000716;HP;LAPTOP;2.11.2013;5;2945
50000722;HP;LAPTOP;12.12.2013;6;2960
50000728;HP;LAPTOP;21.01.2014;5;3029
50000736;HP;LAPTOP;2.03.2014;10;3084
50000742;HP;LAPTOP;11.04.2014;5;3123
50000750;HP;LAPTOP;21.05.2014;7;3171
50000755;HP;LAPTOP;30.06.2014;10;3202
50000762;HP;LAPTOP;9.08.2014;7;3203
50000769;HP;LAPTOP;18.09.2014;6;3265
50000776;HP;LAPTOP;28.10.2014;10;3304
50000783;HP;LAPTOP;7.12.2014;9;3324
50000788;HP;LAPTOP;16.01.2015;10;3371
50000795;HP;LAPTOP;25.02.2015;8;3430
50000802;HP;LAPTOP;6.04.2015;6;3479
50000808;HP;LAPTOP;16.05.2015;5;3490
50000816;HP;LAPTOP;25.06.2015;5;3518
50000820;HP;LAPTOP;4.08.2015;8;3583
50000828;HP;LAPTOP;13.09.2015;7;3650
50000834;HP;LAPTOP;23.10.2015;8;3691
50000842;HP;LAPTOP;2.12.2015;5;3761
50000848;HP;LAPTOP;11.01.2016;9;3802
50000854;HP;LAPTOP;20.02.2016;5;3826
50000860;HP;LAPTOP;31.03.2016;8;3849
50000867;HP;LAPTOP;10.05.2016;9;3865
50000874;HP;LAPTOP;19.06.2016;7;3909
50000881;HP;LAPTOP;29.07.2016;10;3971
50000886;HP;LAPTOP;7.09.2016;7;4005
50000893;HP;LAPTOP;17.10.2016;10;4005
50000900;HP;LAPTOP;26.11.2016;7;4051
50000908;HP;LAPTOP;5.01.2017;8;4101
50000915;HP;LAPTOP;14.02.2017;7;4170
50000920;HP;LAPTOP;26.03.2017;9;4225
50000926;HP;LAPTOP;5.05.2017;7;4235
50000934;HP;LAPTOP;14.06.2017;8;4304
50000940;HP;LAPTOP;24.07.2017;8;4308
50000948;HP;LAPTOP;2.09.2017;5;4328
50000952;HP;LAPTOP;12.10.2017;7;4386
50000960;HP;LAPTOP;21.11.2017;7;4409
50000966;HP;LAPTOP;31.12.2017;6;4424
50000974;HP;LAPTOP;9.02.2018;9;4432
50000980;HP;LAPTOP;21.03.2018;6;4454
50000985;HP;LAPTOP;30.04.2018;7;4509
50000992;HP;LAPTOP;9.06.2018;10;4526
50000999;HP;LAPTOP;19.07.2018;8;4538
50001006;HP;LAPTOP;28.08.2018;7;4594
50001014;HP;LAPTOP;7.10.2018;9;4606
50001019;HP;LAPTOP;16.11.2018;7;4671
50001026;HP;LAPTOP;26.12.2018;6;4681
50001033;HP;LAPTOP;4.02.2019;10;4744
50001040;HP;LAPTOP;16.03.2019;7;4785
50001046;HP;LAPTOP;25.04.2019;6;4827
50001052;HP;LAPTOP;4.06.2019;6;4895
50001058;HP;LAPTOP;14.07.2019;9;4939
50001065;HP;LAPTOP;23.08.2019;7;4947
50001070;HP;LAPTOP;2.10.2019;7;4996
50001076;HP;LAPTOP;11.11.2019;8;5041
50001079;HP;LAPTOP;21.12.2019;9;5099
50000004;ASUS;LAPTOP;4.02.2000;3;2000
50000012;ASUS;LAPTOP;24.04.2000;2;2948
50000020;ASUS;LAPTOP;13.07.2000;3;2284
50000028;ASUS;LAPTOP;1.10.2000;1;2061
50000037;ASUS;LAPTOP;20.12.2000;1;2147
50000047;ASUS;LAPTOP;10.03.2001;4;2625
50000056;ASUS;LAPTOP;29.05.2001;1;2880
50000065;ASUS;LAPTOP;17.08.2001;2;2352
50000075;ASUS;LAPTOP;5.11.2001;3;2410
50000083;ASUS;LAPTOP;24.01.2002;1;2100
50000092;ASUS;LAPTOP;14.04.2002;3;2722
50000102;ASUS;LAPTOP;3.07.2002;2;2673
50000111;ASUS;LAPTOP;21.09.2002;3;2570
50000121;ASUS;LAPTOP;10.12.2002;4;2109
50000133;ASUS;LAPTOP;28.02.2003;4;2811
50000143;ASUS;LAPTOP;19.05.2003;4;2311
50000156;ASUS;LAPTOP;7.08.2003;1;2219
50000166;ASUS;LAPTOP;26.10.2003;1;2133
50000177;ASUS;LAPTOP;14.01.2004;3;2210
50000191;ASUS;LAPTOP;3.04.2004;2;2604
50000201;ASUS;LAPTOP;30.05.2004;3;7000
50000202;ASUS;LAPTOP;22.06.2004;1;2812
50000214;ASUS;LAPTOP;10.09.2004;2;2473
50000225;ASUS;LAPTOP;29.11.2004;4;2999
50000237;ASUS;LAPTOP;17.02.2005;4;2547
50000249;ASUS;LAPTOP;8.05.2005;2;2224
50000260;ASUS;LAPTOP;27.07.2005;2;2107
50000273;ASUS;LAPTOP;15.10.2005;1;2733
50000282;ASUS;LAPTOP;3.01.2006;2;2555
50000295;ASUS;LAPTOP;24.03.2006;4;2107
50000307;ASUS;LAPTOP;12.06.2006;3;2224
50000317;ASUS;LAPTOP;31.08.2006;2;2218
50000330;ASUS;LAPTOP;19.11.2006;1;2915
50000340;ASUS;LAPTOP;7.02.2007;1;2520
50000353;ASUS;LAPTOP;28.04.2007;1;2704
50000366;ASUS;LAPTOP;17.07.2007;4;2122
50000376;ASUS;LAPTOP;5.10.2007;2;2477
50000387;ASUS;LAPTOP;24.12.2007;4;2783
50000398;ASUS;LAPTOP;13.03.2008;2;2023
50000410;ASUS;LAPTOP;1.06.2008;3;2612
50000422;ASUS;LAPTOP;20.08.2008;3;2222
50000434;ASUS;LAPTOP;8.11.2008;2;2920
50000446;ASUS;LAPTOP;25.12.2008;1;4500
50000447;ASUS;LAPTOP;27.01.2009;4;2738
50000457;ASUS;LAPTOP;17.04.2009;2;2971
50000470;ASUS;LAPTOP;6.07.2009;2;2408
50000482;ASUS;LAPTOP;24.09.2009;2;2487
50000491;ASUS;LAPTOP;13.12.2009;2;2405
50000505;ASUS;LAPTOP;3.03.2010;1;2924
50000516;ASUS;LAPTOP;22.05.2010;3;2813
50000529;ASUS;LAPTOP;10.08.2010;2;3000
50000543;ASUS;LAPTOP;29.10.2010;3;2829
50000554;ASUS;LAPTOP;17.01.2011;3;2631
50000567;ASUS;LAPTOP;7.04.2011;1;2311
50000579;ASUS;LAPTOP;26.06.2011;3;2082
50000592;ASUS;LAPTOP;14.09.2011;2;2123
50000604;ASUS;LAPTOP;3.12.2011;3;2913
50000616;ASUS;LAPTOP;21.02.2012;4;2913
50000629;ASUS;LAPTOP;11.05.2012;3;3041
50000640;ASUS;LAPTOP;30.07.2012;4;3070
50000654;ASUS;LAPTOP;18.10.2012;3;3289
50000667;ASUS;LAPTOP;6.01.2013;1;3296
50000679;ASUS;LAPTOP;27.03.2013;2;3469
50000693;ASUS;LAPTOP;15.06.2013;4;3716
50000705;ASUS;LAPTOP;3.09.2013;4;3762
50000718;ASUS;LAPTOP;22.11.2013;2;3836
50000732;ASUS;LAPTOP;10.02.2014;4;4202
50000744;ASUS;LAPTOP;15.03.2014;6;1000
50000745;ASUS;LAPTOP;1.05.2014;2;4265
50000759;ASUS;LAPTOP;20.07.2014;1;4275
50000771;ASUS;LAPTOP;8.10.2014;4;4348
50000785;ASUS;LAPTOP;27.12.2014;1;4563
50000799;ASUS;LAPTOP;17.03.2015;3;4754
50000811;ASUS;LAPTOP;5.06.2015;1;4757
50000825;ASUS;LAPTOP;24.08.2015;4;4843
50000836;ASUS;LAPTOP;12.11.2015;2;4878
50000850;ASUS;LAPTOP;31.01.2016;1;4921
50000864;ASUS;LAPTOP;20.04.2016;1;5203
50000876;ASUS;LAPTOP;9.07.2016;4;5207
50000890;ASUS;LAPTOP;27.09.2016;3;5214
50000902;ASUS;LAPTOP;27.10.2016;1;9000
50000903;ASUS;LAPTOP;16.12.2016;3;5219
50000917;ASUS;LAPTOP;6.03.2017;2;5216
50000931;ASUS;LAPTOP;25.05.2017;2;5471
50000943;ASUS;LAPTOP;13.08.2017;3;5787
50000956;ASUS;LAPTOP;1.11.2017;4;5841
50000968;ASUS;LAPTOP;20.01.2018;3;5855
50000982;ASUS;LAPTOP;10.04.2018;1;5863
50000996;ASUS;LAPTOP;29.06.2018;4;5955
50001008;ASUS;LAPTOP;12.08.2018;4;500
50001009;ASUS;LAPTOP;17.09.2018;4;5998
50001023;ASUS;LAPTOP;6.12.2018;4;6048
50001035;ASUS;LAPTOP;24.02.2019;1;6060
50001049;ASUS;LAPTOP;15.05.2019;4;6083
50001062;ASUS;LAPTOP;3.08.2019;1;6382
50000010;ACER;LAPTOP;6.04.2000;10;2237
50000017;ACER;LAPTOP;5.06.2000;2;3936
50000023;ACER;LAPTOP;4.08.2000;8;2746
50000029;ACER;LAPTOP;3.10.2000;5;2512
50000035;ACER;LAPTOP;2.12.2000;6;2509
50000041;ACER;LAPTOP;31.01.2001;14;2086
50000050;ACER;LAPTOP;1.04.2001;10;2221
50000057;ACER;LAPTOP;31.05.2001;5;2771
50000063;ACER;LAPTOP;30.07.2001;14;2161
50000069;ACER;LAPTOP;28.09.2001;20;1891
50000077;ACER;LAPTOP;27.11.2001;7;2892
50000084;ACER;LAPTOP;26.01.2002;9;2647
50000091;ACER;LAPTOP;27.03.2002;11;2168
50000098;ACER;LAPTOP;26.05.2002;16;1927
50000105;ACER;LAPTOP;25.07.2002;7;2536
50000112;ACER;LAPTOP;23.09.2002;8;2537
50000119;ACER;LAPTOP;22.11.2002;13;2442
50000126;ACER;LAPTOP;21.01.2003;17;1937
50000136;ACER;LAPTOP;22.03.2003;5;2687
50000144;ACER;LAPTOP;21.05.2003;18;1816
50000152;ACER;LAPTOP;20.07.2003;11;2230
50000162;ACER;LAPTOP;18.09.2003;18;1703
50000172;ACER;LAPTOP;17.11.2003;7;2859
50000178;ACER;LAPTOP;16.01.2004;18;1801
50000187;ACER;LAPTOP;16.03.2004;18;1925
50000195;ACER;LAPTOP;15.05.2004;3;3879
50000207;ACER;LAPTOP;14.07.2004;11;2145
50000215;ACER;LAPTOP;12.09.2004;11;2013
50000224;ACER;LAPTOP;11.11.2004;12;2001
50000231;ACER;LAPTOP;10.01.2005;10;2060
50000240;ACER;LAPTOP;11.03.2005;7;2775
50000250;ACER;LAPTOP;10.05.2005;3;3191
50000258;ACER;LAPTOP;9.07.2005;3;3984
50000266;ACER;LAPTOP;7.09.2005;5;2784
50000276;ACER;LAPTOP;6.11.2005;7;2610
50000283;ACER;LAPTOP;5.01.2006;14;2129
50000294;ACER;LAPTOP;6.03.2006;2;3704
50000301;ACER;LAPTOP;5.05.2006;2;3573
50000310;ACER;LAPTOP;4.07.2006;19;1977
50000318;ACER;LAPTOP;2.09.2006;4;3478
50000327;ACER;LAPTOP;1.11.2006;10;2414
50000336;ACER;LAPTOP;31.12.2006;3;3449
50000346;ACER;LAPTOP;1.03.2007;13;2196
50000354;ACER;LAPTOP;30.04.2007;9;2831
50000361;ACER;LAPTOP;29.06.2007;12;2061
50000369;ACER;LAPTOP;28.08.2007;3;3842
50000381;ACER;LAPTOP;27.10.2007;12;2462
50000388;ACER;LAPTOP;26.12.2007;9;2588
50000397;ACER;LAPTOP;24.02.2008;15;1809
50000405;ACER;LAPTOP;24.04.2008;6;2641
50000414;ACER;LAPTOP;23.06.2008;10;2116
50000423;ACER;LAPTOP;22.08.2008;17;1829
50000432;ACER;LAPTOP;21.10.2008;7;2932
50000439;ACER;LAPTOP;20.12.2008;6;2951
50000450;ACER;LAPTOP;18.02.2009;16;1909
50000458;ACER;LAPTOP;19.04.2009;17;1895
50000468;ACER;LAPTOP;18.06.2009;11;2376
50000476;ACER;LAPTOP;17.08.2009;7;2757
50000485;ACER;LAPTOP;16.10.2009;17;1875
50000492;ACER;LAPTOP;15.12.2009;8;2948
50000502;ACER;LAPTOP;13.02.2010;17;1840
50000512;ACER;LAPTOP;14.04.2010;20;1946
50000522;ACER;LAPTOP;13.06.2010;2;3168
50000530;ACER;LAPTOP;12.08.2010;7;2647
50000540;ACER;LAPTOP;11.10.2010;10;2109
50000547;ACER;LAPTOP;10.12.2010;17;1727
50000560;ACER;LAPTOP;8.02.2011;20;1839
50000568;ACER;LAPTOP;9.04.2011;19;1823
50000577;ACER;LAPTOP;8.06.2011;9;2639
50000585;ACER;LAPTOP;7.08.2011;5;2587
50000596;ACER;LAPTOP;6.10.2011;15;1872
50000605;ACER;LAPTOP;5.12.2011;7;2693
50000615;ACER;LAPTOP;3.02.2012;11;2234
50000623;ACER;LAPTOP;3.04.2012;19;1928
50000633;ACER;LAPTOP;2.06.2012;4;3563
50000641;ACER;LAPTOP;1.08.2012;18;1857
50000653;ACER;LAPTOP;30.09.2012;8;2569
50000660;ACER;LAPTOP;29.11.2012;20;1904
50000671;ACER;LAPTOP;28.01.2013;15;1916
50000680;ACER;LAPTOP;29.03.2013;13;2327
50000689;ACER;LAPTOP;28.05.2013;20;1783
50000700;ACER;LAPTOP;27.07.2013;11;2156
50000711;ACER;LAPTOP;25.09.2013;16;1924
50000719;ACER;LAPTOP;24.11.2013;17;1740
50000729;ACER;LAPTOP;23.01.2014;16;1987
50000738;ACER;LAPTOP;24.03.2014;15;1914
50000751;ACER;LAPTOP;23.05.2014;14;2050
50000760;ACER;LAPTOP;22.07.2014;14;2204
50000770;ACER;LAPTOP;20.09.2014;5;2699
50000778;ACER;LAPTOP;19.11.2014;16;1736
50000789;ACER;LAPTOP;18.01.2015;17;1845
50000800;ACER;LAPTOP;19.03.2015;11;2379
50000809;ACER;LAPTOP;18.05.2015;20;1872
50000818;ACER;LAPTOP;17.07.2015;7;2683
50000829;ACER;LAPTOP;15.09.2015;2;3360
50000837;ACER;LAPTOP;14.11.2015;8;2554
50000849;ACER;LAPTOP;13.01.2016;12;2482
50000858;ACER;LAPTOP;13.03.2016;8;2912
50000868;ACER;LAPTOP;12.05.2016;13;2252
50000877;ACER;LAPTOP;11.07.2016;8;2577
50000887;ACER;LAPTOP;9.09.2016;13;2377
50000897;ACER;LAPTOP;8.11.2016;14;2291
50000909;ACER;LAPTOP;7.01.2017;5;2646
50000918;ACER;LAPTOP;8.03.2017;10;2066
50000927;ACER;LAPTOP;7.05.2017;9;2513
50000936;ACER;LAPTOP;6.07.2017;11;2200
50000949;ACER;LAPTOP;4.09.2017;8;2529
50000957;ACER;LAPTOP;3.11.2017;15;1789
50000967;ACER;LAPTOP;2.01.2018;4;3542
50000976;ACER;LAPTOP;3.03.2018;19;1785
50000986;ACER;LAPTOP;2.05.2018;11;2221
50000997;ACER;LAPTOP;1.07.2018;13;2360
50001007;ACER;LAPTOP;30.08.2018;20;1828
50001016;ACER;LAPTOP;29.10.2018;5;2561
50001027;ACER;LAPTOP;28.12.2018;9;2761
50001036;ACER;LAPTOP;26.02.2019;5;2725
50001047;ACER;LAPTOP;27.04.2019;20;1904
50001056;ACER;LAPTOP;26.06.2019;7;2883
50001066;ACER;LAPTOP;25.08.2019;14;2280
50001072;ACER;LAPTOP;24.10.2019;12;2235
50000044;MSI;PC;7.02.2001;6;3000
50000053;MSI;PC;8.05.2001;7;3001
50000064;MSI;PC;6.08.2001;7;3000
50000074;MSI;PC;4.11.2001;8;2981
50000086;MSI;PC;2.02.2002;7;2985
50000096;MSI;PC;3.05.2002;6;2991
50000106;MSI;PC;1.08.2002;7;2972
50000116;MSI;PC;30.10.2002;6;2965
50000128;MSI;PC;28.01.2003;7;2938
50000142;MSI;PC;28.04.2003;6;2921
50000155;MSI;PC;27.07.2003;8;2911
50000165;MSI;PC;25.10.2003;7;2924
50000180;MSI;PC;23.01.2004;6;2907
50000194;MSI;PC;22.04.2004;6;2883
50000208;MSI;PC;21.07.2004;8;2893
50000220;MSI;PC;19.10.2004;7;2906
50000233;MSI;PC;17.01.2005;6;2898
50000246;MSI;PC;17.04.2005;8;2873
50000259;MSI;PC;16.07.2005;6;2872
50000271;MSI;PC;14.10.2005;7;2839
50000287;MSI;PC;12.01.2006;8;2840
50000298;MSI;PC;12.04.2006;8;2814
50000311;MSI;PC;11.07.2006;6;2824
50000324;MSI;PC;9.10.2006;6;2798
50000338;MSI;PC;7.01.2007;7;2803
50000351;MSI;PC;7.04.2007;6;2818
50000362;MSI;PC;6.07.2007;6;2802
50000375;MSI;PC;4.10.2007;8;2809
50000390;MSI;PC;2.01.2008;8;2796
50000403;MSI;PC;1.04.2008;8;2774
50000417;MSI;PC;30.06.2008;6;2754
50000427;MSI;PC;28.09.2008;8;2759
50000441;MSI;PC;27.12.2008;7;2744
50000455;MSI;PC;27.03.2009;7;2714
50000469;MSI;PC;25.06.2009;7;2723
50000481;MSI;PC;23.09.2009;7;2699
50000494;MSI;PC;22.12.2009;6;2694
50000508;MSI;PC;22.03.2010;8;2707
50000523;MSI;PC;20.06.2010;6;2670
50000536;MSI;PC;18.09.2010;7;2683
50000551;MSI;PC;17.12.2010;8;2681
50000563;MSI;PC;17.03.2011;6;2654
50000578;MSI;PC;15.06.2011;7;2647
50000591;MSI;PC;13.09.2011;6;2613
50000607;MSI;PC;12.12.2011;8;2592
50000621;MSI;PC;11.03.2012;6;2588
50000634;MSI;PC;9.06.2012;8;2592
50000647;MSI;PC;7.09.2012;8;2560
50000662;MSI;PC;6.12.2012;6;2551
50000676;MSI;PC;6.03.2013;6;2544
50000692;MSI;PC;4.06.2013;4;2557
50000704;MSI;PC;2.09.2013;6;2527
50000721;MSI;PC;1.12.2013;6;2488
50000735;MSI;PC;1.03.2014;5;2492
50000752;MSI;PC;30.05.2014;5;2455
50000766;MSI;PC;28.08.2014;5;2428
50000780;MSI;PC;26.11.2014;6;2399
50000794;MSI;PC;24.02.2015;5;2383
50000810;MSI;PC;25.05.2015;5;2348
50000824;MSI;PC;23.08.2015;6;2327
50000841;MSI;PC;21.11.2015;6;2317
50000853;MSI;PC;19.02.2016;6;2332
50000869;MSI;PC;19.05.2016;6;2299
50000883;MSI;PC;17.08.2016;5;2313
50000899;MSI;PC;15.11.2016;4;2307
50000914;MSI;PC;13.02.2017;4;2269
50000928;MSI;PC;14.05.2017;4;2281
50000942;MSI;PC;12.08.2017;5;2265
50000959;MSI;PC;10.11.2017;6;2227
50000973;MSI;PC;8.02.2018;6;2227
50000989;MSI;PC;9.05.2018;5;2210
50001001;MSI;PC;7.08.2018;6;2218
50001018;MSI;PC;5.11.2018;6;2210
50001032;MSI;PC;3.02.2019;5;2221
50001048;MSI;PC;4.05.2019;5;2228
