purchases.csv
ID;BRAND;TYPE;DATE;QUANTITY;PRICE PER 1
50000124;ASUS;PC;1.01.2003;3;4148
50000131;ASUS;PC;20.02.2003;6;2581
50000137;ASUS;PC;11.04.2003;4;4724
50000146;ASUS;PC;31.05.2003;6;2933
50000153;ASUS;PC;20.07.2003;1;5557
50000160;ASUS;PC;8.09.2003;7;2384
50000167;ASUS;PC;28.10.2003;7;2340
50000175;ASUS;PC;17.12.2003;8;2855
50000182;ASUS;PC;5.02.2004;6;2648
50000188;ASUS;PC;26.03.2004;6;2760
50000196;ASUS;PC;15.05.2004;8;2522
50000205;ASUS;PC;4.07.2004;5;3253
50000212;ASUS;PC;23.08.2004;5;3814
50000218;ASUS;PC;12.10.2004;3;3805
50000226;ASUS;PC;1.12.2004;8;2743
50000234;ASUS;PC;20.01.2005;5;3824
50000241;ASUS;PC;11.03.2005;2;5907
50000247;ASUS;PC;30.04.2005;3;3828
50000254;ASUS;PC;19.06.2005;3;4716
50000264;ASUS;PC;8.08.2005;2;5729
50000268;ASUS;PC;27.09.2005;3;4922
50000277;ASUS;PC;16.11.2005;7;2354
50000284;ASUS;PC;5.01.2006;5;4955
50000291;ASUS;PC;24.02.2006;4;4210
50000299;ASUS;PC;15.04.2006;7;2362
50000305;ASUS;PC;4.06.2006;4;4856
50000313;ASUS;PC;24.07.2006;3;4596
50000320;ASUS;PC;12.09.2006;2;5933
50000328;ASUS;PC;1.11.2006;6;2355
50000334;ASUS;PC;21.12.2006;1;5869
50000341;ASUS;PC;9.02.2007;2;5790
50000349;ASUS;PC;31.03.2007;6;2232
50000356;ASUS;PC;20.05.2007;1;5513
50000364;ASUS;PC;9.07.2007;5;4141
50000370;ASUS;PC;28.08.2007;2;5904
50000379;ASUS;PC;17.10.2007;1;5432
50000385;ASUS;PC;6.12.2007;5;4981
50000392;ASUS;PC;25.01.2008;1;5997
50000399;ASUS;PC;15.03.2008;7;2694
50000407;ASUS;PC;4.05.2008;4;4203
50000415;ASUS;PC;23.06.2008;4;3712
50000420;ASUS;PC;12.08.2008;1;5239
50000428;ASUS;PC;1.10.2008;7;2234
50000437;ASUS;PC;20.11.2008;5;4098
50000442;ASUS;PC;9.01.2009;1;5469
50000451;ASUS;PC;28.02.2009;7;2255
50000459;ASUS;PC;19.04.2009;1;5704
50000466;ASUS;PC;8.06.2009;4;4709
50000473;ASUS;PC;28.07.2009;2;5520
50000479;ASUS;PC;16.09.2009;5;4940
50000487;ASUS;PC;5.11.2009;1;5871
50000495;ASUS;PC;25.12.2009;8;2809
50000503;ASUS;PC;13.02.2010;2;5138
50000510;ASUS;PC;4.04.2010;2;5346
50000517;ASUS;PC;24.05.2010;3;4451
50000526;ASUS;PC;13.07.2010;4;4731
50000533;ASUS;PC;1.09.2010;2;5639
50000541;ASUS;PC;21.10.2010;7;2466
50000548;ASUS;PC;10.12.2010;1;5421
50000557;ASUS;PC;29.01.2011;6;2564
50000565;ASUS;PC;20.03.2011;4;4126
50000572;ASUS;PC;9.05.2011;7;2891
50000580;ASUS;PC;28.06.2011;3;4366
50000587;ASUS;PC;17.08.2011;8;2142
50000597;ASUS;PC;6.10.2011;8;2538
50000602;ASUS;PC;25.11.2011;1;5047
50000610;ASUS;PC;14.01.2012;5;3144
50000619;ASUS;PC;4.03.2012;2;5862
50000626;ASUS;PC;23.04.2012;3;4406
50000635;ASUS;PC;12.06.2012;8;2350
50000642;ASUS;PC;1.08.2012;3;3758
50000650;ASUS;PC;20.09.2012;7;2388
50000658;ASUS;PC;9.11.2012;3;3001
50000665;ASUS;PC;29.12.2012;5;4115
50000672;ASUS;PC;17.02.2013;1;5928
50000682;ASUS;PC;8.04.2013;6;2871
50000690;ASUS;PC;28.05.2013;2;5827
50000698;ASUS;PC;17.07.2013;3;4946
50000706;ASUS;PC;5.09.2013;5;4745
50000714;ASUS;PC;25.10.2013;5;3029
50000723;ASUS;PC;14.12.2013;3;3502
50000730;ASUS;PC;2.02.2014;3;3271
50000739;ASUS;PC;24.03.2014;1;5182
50000748;ASUS;PC;13.05.2014;5;3513
50000756;ASUS;PC;2.07.2014;3;4007
50000764;ASUS;PC;21.08.2014;4;4553
50000772;ASUS;PC;10.10.2014;1;5738
50000781;ASUS;PC;29.11.2014;3;3114
50000790;ASUS;PC;18.01.2015;3;3746
50000797;ASUS;PC;9.03.2015;1;5622
50000804;ASUS;PC;28.04.2015;2;5749
50000814;ASUS;PC;17.06.2015;1;5912
50000821;ASUS;PC;6.08.2015;3;3224
50000830;ASUS;PC;25.09.2015;3;4095
50000838;ASUS;PC;14.11.2015;2;5218
50000846;ASUS;PC;3.01.2016;7;2404
50000855;ASUS;PC;22.02.2016;3;4025
50000862;ASUS;PC;12.04.2016;4;3466
50000870;ASUS;PC;1.06.2016;3;4649
50000879;ASUS;PC;21.07.2016;2;5849
50000888;ASUS;PC;9.09.2016;3;4570
50000895;ASUS;PC;29.10.2016;6;2132
50000904;ASUS;PC;18.12.2016;4;4986
50000912;ASUS;PC;6.02.2017;5;4557
50000921;ASUS;PC;28.03.2017;4;3742
50000929;ASUS;PC;17.05.2017;5;4974
50000937;ASUS;PC;6.07.2017;5;4223
50000946;ASUS;PC;25.08.2017;1;5409
50000953;ASUS;PC;14.10.2017;2;5934
50000962;ASUS;PC;3.12.2017;8;2727
50000969;ASUS;PC;22.01.2018;6;2200
50000978;ASUS;PC;13.03.2018;4;4613
50000987;ASUS;PC;2.05.2018;8;2340
50000994;ASUS;PC;21.06.2018;5;4075
50001002;ASUS;PC;10.08.2018;3;3476
50001012;ASUS;PC;29.09.2018;7;2473
50001020;ASUS;PC;18.11.2018;1;5884
50001028;ASUS;PC;7.01.2019;2;5360
50001037;ASUS;PC;26.02.2019;7;2677
50001044;ASUS;PC;17.04.2019;6;2554
50001053;ASUS;PC;6.06.2019;2;5283
50001060;ASUS;PC;26.07.2019;5;3042
50001067;ASUS;PC;14.09.2019;2;5095
50001074;ASUS;PC;3.11.2019;5;3951
50001080;ASUS;PC;23.12.2019;5;4302
50000134;MSI ;LAPTOP;3.03.2003;3;2000
50000150;MSI ;LAPTOP;1.07.2003;1;2110
50000168;MSI ;LAPTOP;29.10.2003;2;1944
50000185;MSI ;LAPTOP;26.02.2004;1;1949
50000203;MSI ;LAPTOP;25.06.2004;3;2113
50000221;MSI ;LAPTOP;23.10.2004;2;2105
50000238;MSI ;LAPTOP;20.02.2005;1;1818
50000255;MSI ;LAPTOP;20.06.2005;1;1908
50000274;MSI ;LAPTOP;18.10.2005;1;1984
50000289;MSI ;LAPTOP;15.02.2006;1;1809
50000308;MSI ;LAPTOP;15.06.2006;3;1935
50000325;MSI ;LAPTOP;13.10.2006;3;1876
50000342;MSI ;LAPTOP;10.02.2007;1;1948
50000359;MSI ;LAPTOP;10.06.2007;1;2086
50000377;MSI ;LAPTOP;8.10.2007;2;2039
50000395;MSI ;LAPTOP;5.02.2008;2;2012
50000411;MSI ;LAPTOP;4.06.2008;2;1848
50000429;MSI ;LAPTOP;2.10.2008;2;1824
50000448;MSI ;LAPTOP;30.01.2009;1;1916
50000463;MSI ;LAPTOP;30.05.2009;1;1957
50000483;MSI ;LAPTOP;27.09.2009;1;2125
50000499;MSI ;LAPTOP;25.01.2010;6;2127
50000518;MSI ;LAPTOP;25.05.2010;6;2139
50000537;MSI ;LAPTOP;22.09.2010;4;2139
50000555;MSI ;LAPTOP;20.01.2011;4;2136
50000574;MSI ;LAPTOP;20.05.2011;6;2158
50000593;MSI ;LAPTOP;17.09.2011;6;2150
50000611;MSI ;LAPTOP;15.01.2012;6;2156
50000630;MSI ;LAPTOP;14.05.2012;6;2157
50000648;MSI ;LAPTOP;11.09.2012;6;2186
50000668;MSI ;LAPTOP;9.01.2013;8;2211
50000678;MSI ;LAPTOP;10.03.2013;9;2245
50000686;MSI ;LAPTOP;9.05.2013;10;2284
50000697;MSI ;LAPTOP;8.07.2013;8;2315
50000707;MSI ;LAPTOP;6.09.2013;9;2340
50000717;MSI ;LAPTOP;5.11.2013;8;2332
50000726;MSI ;LAPTOP;4.01.2014;10;2330
50000737;MSI ;LAPTOP;5.03.2014;10;2325
50000746;MSI ;LAPTOP;4.05.2014;7;2328
50000757;MSI ;LAPTOP;3.07.2014;7;2362
50000767;MSI ;LAPTOP;1.09.2014;7;2408
50000777;MSI ;LAPTOP;31.10.2014;9;2413
50000786;MSI ;LAPTOP;30.12.2014;8;2463
50000796;MSI ;LAPTOP;28.02.2015;10;2463
50000805;MSI ;LAPTOP;29.04.2015;10;2461
50000817;MSI ;LAPTOP;28.06.2015;10;2502
50000826;MSI ;LAPTOP;27.08.2015;8;2532
50000835;MSI ;LAPTOP;26.10.2015;7;2560
50000844;MSI ;LAPTOP;25.12.2015;8;2591
50000856;MSI ;LAPTOP;23.02.2016;10;2603
50000865;MSI ;LAPTOP;23.04.2016;10;2633
50000875;MSI ;LAPTOP;22.06.2016;8;2631
50000884;MSI ;LAPTOP;21.08.2016;8;2639
50000894;MSI ;LAPTOP;20.10.2016;8;2653
50000905;MSI ;LAPTOP;19.12.2016;8;2701
50000916;MSI ;LAPTOP;17.02.2017;7;2694
50000924;MSI ;LAPTOP;18.04.2017;10;2694
50000935;MSI ;LAPTOP;17.06.2017;8;2733
50000944;MSI ;LAPTOP;16.08.2017;10;2750
50000954;MSI ;LAPTOP;15.10.2017;8;2781
50000964;MSI ;LAPTOP;14.12.2017;9;2801
50000975;MSI ;LAPTOP;12.02.2018;9;2849
50000983;MSI ;LAPTOP;13.04.2018;7;2839
50000993;MSI ;LAPTOP;12.06.2018;7;2844
50001003;MSI ;LAPTOP;11.08.2018;7;2864
50001015;MSI ;LAPTOP;10.10.2018;7;2871
50001024;MSI ;LAPTOP;9.12.2018;9;2888
50001034;MSI ;LAPTOP;7.02.2019;9;2928
50001042;MSI ;LAPTOP;8.04.2019;9;2976
50001054;MSI ;LAPTOP;7.06.2019;10;2969
50001063;MSI ;LAPTOP;6.08.2019;9;2974
50001071;MSI ;LAPTOP;5.10.2019;8;2970
50001077;MSI ;LAPTOP;4.12.2019;9;2971
